Collecting matplotlib
  Downloading matplotlib-3.11.1-cp311-cp311-win_amd64.whl.metadata (80 kB)
     -------------------------------------- 80.3/80.3 kB 744.9 kB/s eta 0:00:00
Requirement already satisfied: pillow in c:\users\rajan\appdata\local\programs\python\python311\lib\site-packages (11.2.1)
Collecting contourpy>=1.0.1 (from matplotlib)
  Downloading contourpy-1.3.3-cp311-cp311-win_amd64.whl.metadata (5.5 kB)
Collecting cycler>=0.10 (from matplotlib)
  Downloading cycler-0.12.1-py3-none-any.whl.metadata (3.8 kB)
Collecting fonttools>=4.28.2 (from matplotlib)
  Downloading fonttools-4.63.0-cp311-cp311-win_amd64.whl.metadata (121 kB)
     -------------------------------------- 121.0/121.0 kB 6.9 MB/s eta 0:00:00
Collecting kiwisolver>=1.3.1 (from matplotlib)
  Downloading kiwisolver-1.5.0-cp311-cp311-win_amd64.whl.metadata (5.2 kB)
Requirement already satisfied: numpy>=1.25 in c:\users\rajan\appdata\local\programs\python\python311\lib\site-packages (from matplotlib) (1.26.4)
Requirement already satisfied: packaging>=20.0 in c:\users\rajan\appdata\local\programs\python\python311\lib\site-packages (from matplotlib) (25.0)
Collecting pyparsing>=3 (from matplotlib)
  Downloading pyparsing-3.3.2-py3-none-any.whl.metadata (5.8 kB)
Requirement already satisfied: python-dateutil>=2.7 in c:\users\rajan\appdata\local\programs\python\python311\lib\site-packages (from matplotlib) (2.9.0.post0)
Requirement already satisfied: six>=1.5 in c:\users\rajan\appdata\local\programs\python\python311\lib\site-packages (from python-dateutil>=2.7->matplotlib) (1.17.0)
Downloading matplotlib-3.11.1-cp311-cp311-win_amd64.whl (9.3 MB)
   ---------------------------------------- 9.3/9.3 MB 5.8 MB/s eta 0:00:00
Downloading contourpy-1.3.3-cp311-cp311-win_amd64.whl (225 kB)
   ---------------------------------------- 225.2/225.2 kB 4.6 MB/s eta 0:00:00
Downloading cycler-0.12.1-py3-none-any.whl (8.3 kB)
Downloading fonttools-4.63.0-cp311-cp311-win_amd64.whl (2.4 MB)
   ---------------------------------------- 2.4/2.4 MB 5.4 MB/s eta 0:00:00
Downloading kiwisolver-1.5.0-cp311-cp311-win_amd64.whl (73 kB)
   ---------------------------------------- 73.5/73.5 kB ? eta 0:00:00
Downloading pyparsing-3.3.2-py3-none-any.whl (122 kB)
   ---------------------------------------- 122.8/122.8 kB 3.6 MB/s eta 0:00:00
Installing collected packages: pyparsing, kiwisolver, fonttools, cycler, contourpy, matplotlib
Successfully installed contourpy-1.3.3 cycler-0.12.1 fonttools-4.63.0 kiwisolver-1.5.0 matplotlib-3.11.1 pyparsing-3.3.2

[notice] A new release of pip is available: 24.0 -> 26.2.1
[notice] To update, run: python.exe -m pip install --upgrade pip
